PS C:\Users\cappu\OneDrive\デスクトップ\git_challenge> mkdir git_challenge


    ディレクトリ: C:\Users\cappu\OneDrive\デスクトップ\git_challenge


Mode                 LastWriteTime         Length Name
----                 -------------         ------ ----
d-----        2024/10/02     13:12                git_challenge


PS C:\Users\cappu\OneDrive\デスクトップ\git_challenge> cd .\git_challenge\
PS C:\Users\cappu\OneDrive\デスクトップ\git_challenge\git_challenge> git init
Initialized empty Git repository in C:/Users/cappu/OneDrive/デスクトップ/git_challenge/git_challenge/.git/
PS C:\Users\cappu\OneDrive\デスクトップ\git_challenge\git_challenge> git add hello_world.txt
fatal: pathspec 'hello_world.txt' did not match any files
PS C:\Users\cappu\OneDrive\デスクトップ\git_challenge\git_challenge> ls


    ディレクトリ: C:\Users\cappu\OneDrive\デスクトップ\git_challenge\git_challenge


Mode                 LastWriteTime         Length Name
----                 -------------         ------ ----
-a---l        2024/10/02     13:18             13 hello_world.txt.txt


PS C:\Users\cappu\OneDrive\デスクトップ\git_challenge\git_challenge> git add hello_world.txt
PS C:\Users\cappu\OneDrive\デスクトップ\git_challenge\git_challenge> git commit -m"hello_world.txtを追加"
[main (root-commit) 810a04d] hello_world.txtを追加
 1 file changed, 1 insertion(+)
 create mode 100644 hello_world.txt
PS C:\Users\cappu\OneDrive\デスクトップ\git_challenge\git_challenge> git add hello_world.txt    
PS C:\Users\cappu\OneDrive\デスクトップ\git_challenge\git_challenge> git commit -m"日本語訳を追"
加"      
On branch main
Untracked files:
  (use "git add <file>..." to include in what will be committed)
        hello_world.txt.txt

nothing added to commit but untracked files present (use "git add" to track)
PS C:\Users\cappu\OneDrive\デスクトップ\git_challenge\git_challenge> git add hello_world.txt    
PS C:\Users\cappu\OneDrive\デスクトップ\git_challenge\git_challenge> git commit -m"日本語訳を追t
加"       
[main 5e27848] 日本語訳を追加
 1 file changed, 2 insertions(+), 1 deletion(-)
PS C:\Users\cappu\OneDrive\デスクトップ\git_challenge\git_challenge> git log
commit 5e27848b6eaac3c85c57c1f56d6d504a862c9195 (HEAD -> main)
Author: kazutaka-777 <cappuccino.kurage@gmail.com>
Date:   Wed Oct 2 13:27:42 2024 +0900

    日本語訳を追加

commit 810a04dcdbc37dba18db0a085909175cbae372e5
Author: kazutaka-777 <cappuccino.kurage@gmail.com>
Date:   Wed Oct 2 13:21:54 2024 +0900

    hello_world.txtを追加
PS C:\Users\cappu\OneDrive\デスクトップ\git_challenge\git_challenge> git log --oneline
5e27848 (HEAD -> main) 日本語訳を追加
810a04d hello_world.txtを追加
PS C:\Users\cappu\OneDrive\デスクトップ\git_challenge\git_challenge> 